MariaDB [(none)]> use teste
Database changed
MariaDB [teste]> source ambiente.sql
Query OK, 0 rows affected (0.093 sec)

Query OK, 0 rows affected (0.017 sec)

Query OK, 0 rows affected (0.015 sec)

Query OK, 0 rows affected (0.016 sec)

Query OK, 0 rows affected (0.016 sec)

Query OK, 0 rows affected (0.015 sec)

Query OK, 0 rows affected (0.016 sec)

Query OK, 0 rows affected (0.021 sec)

Query OK, 0 rows affected (0.017 sec)

Query OK, 0 rows affected (0.016 sec)

Query OK, 0 rows affected (0.017 sec)

Query OK, 0 rows affected (0.016 sec)

Query OK, 0 rows affected (0.016 sec)

Query OK, 0 rows affected (0.017 sec)

Query OK, 0 rows affected (0.016 sec)

Query OK, 0 rows affected (0.017 sec)

Query OK, 0 rows affected (0.016 sec)

Query OK, 0 rows affected (0.067 sec)
Records: 0  Duplicates: 0  Warnings: 0

Query OK, 0 rows affected (0.057 sec)
Records: 0  Duplicates: 0  Warnings: 0

Query OK, 0 rows affected (0.060 sec)
Records: 0  Duplicates: 0  Warnings: 0

Query OK, 0 rows affected (0.057 sec)
Records: 0  Duplicates: 0  Warnings: 0

Query OK, 0 rows affected (0.058 sec)
Records: 0  Duplicates: 0  Warnings: 0

Query OK, 0 rows affected (0.063 sec)
Records: 0  Duplicates: 0  Warnings: 0

Query OK, 0 rows affected (0.053 sec)
Records: 0  Duplicates: 0  Warnings: 0

Query OK, 0 rows affected (0.053 sec)
Records: 0  Duplicates: 0  Warnings: 0

Query OK, 0 rows affected (0.109 sec)
Records: 0  Duplicates: 0  Warnings: 0

Query OK, 0 rows affected (0.066 sec)
Records: 0  Duplicates: 0  Warnings: 0

Query OK, 0 rows affected (0.066 sec)
Records: 0  Duplicates: 0  Warnings: 0

Query OK, 0 rows affected (0.062 sec)
Records: 0  Duplicates: 0  Warnings: 0

Query OK, 0 rows affected (0.065 sec)
Records: 0  Duplicates: 0  Warnings: 0

Query OK, 0 rows affected (0.066 sec)
Records: 0  Duplicates: 0  Warnings: 0

Query OK, 0 rows affected (0.054 sec)
Records: 0  Duplicates: 0  Warnings: 0

Query OK, 0 rows affected (0.056 sec)
Records: 0  Duplicates: 0  Warnings: 0

Query OK, 0 rows affected (0.052 sec)
Records: 0  Duplicates: 0  Warnings: 0

Query OK, 0 rows affected (0.040 sec)
Records: 0  Duplicates: 0  Warnings: 0

Query OK, 0 rows affected (0.040 sec)
Records: 0  Duplicates: 0  Warnings: 0

Query OK, 0 rows affected (0.040 sec)
Records: 0  Duplicates: 0  Warnings: 0

Query OK, 1 row affected (0.019 sec)

Query OK, 1 row affected (0.001 sec)

Query OK, 1 row affected (0.006 sec)

Query OK, 1 row affected (0.002 sec)

Query OK, 1 row affected (0.007 sec)

Query OK, 1 row affected (0.001 sec)

Query OK, 1 row affected (0.002 sec)

Query OK, 1 row affected (0.006 sec)

Query OK, 1 row affected (0.001 sec)

Query OK, 1 row affected (0.001 sec)

Query OK, 1 row affected (0.004 sec)

Query OK, 1 row affected (0.001 sec)

Query OK, 1 row affected (0.001 sec)

Query OK, 1 row affected (0.004 sec)

Query OK, 1 row affected (0.002 sec)

Query OK, 1 row affected (0.002 sec)

Query OK, 1 row affected (0.006 sec)

Query OK, 1 row affected (0.001 sec)

Query OK, 1 row affected, 1 warning (0.008 sec)

Query OK, 1 row affected, 1 warning (0.001 sec)

Query OK, 1 row affected, 1 warning (0.004 sec)

Query OK, 1 row affected, 1 warning (0.001 sec)

Query OK, 1 row affected, 1 warning (0.002 sec)

Query OK, 1 row affected, 1 warning (0.002 sec)

Query OK, 1 row affected, 1 warning (0.002 sec)

Query OK, 1 row affected, 1 warning (0.001 sec)

Query OK, 1 row affected, 1 warning (0.001 sec)

Query OK, 1 row affected, 1 warning (0.001 sec)

Query OK, 1 row affected, 1 warning (0.002 sec)

Query OK, 1 row affected, 1 warning (0.001 sec)

Query OK, 1 row affected, 1 warning (0.004 sec)

Query OK, 1 row affected, 1 warning (0.002 sec)

Query OK, 1 row affected, 1 warning (0.001 sec)

Query OK, 1 row affected, 1 warning (0.002 sec)

Query OK, 1 row affected, 1 warning (0.001 sec)

Query OK, 1 row affected, 1 warning (0.001 sec)

Query OK, 1 row affected, 1 warning (0.002 sec)

Query OK, 1 row affected, 1 warning (0.002 sec)

Query OK, 1 row affected, 1 warning (0.002 sec)

Query OK, 1 row affected, 1 warning (0.001 sec)

Query OK, 1 row affected, 1 warning (0.001 sec)

Query OK, 1 row affected, 1 warning (0.001 sec)

Query OK, 1 row affected, 1 warning (0.002 sec)

Query OK, 1 row affected, 1 warning (0.001 sec)

Query OK, 1 row affected, 1 warning (0.001 sec)

Query OK, 1 row affected, 1 warning (0.002 sec)

Query OK, 1 row affected, 1 warning (0.004 sec)

Query OK, 1 row affected, 1 warning (0.001 sec)

Query OK, 1 row affected, 1 warning (0.001 sec)

Query OK, 1 row affected, 1 warning (0.001 sec)

Query OK, 1 row affected, 1 warning (0.002 sec)

Query OK, 1 row affected, 1 warning (0.001 sec)

Query OK, 12 rows affected (0.007 sec)
Records: 12  Duplicates: 0  Warnings: 0

Query OK, 12 rows affected (0.002 sec)
Records: 12  Duplicates: 0  Warnings: 0

Query OK, 12 rows affected (0.001 sec)
Records: 12  Duplicates: 0  Warnings: 0

Query OK, 12 rows affected (0.001 sec)
Records: 12  Duplicates: 0  Warnings: 0

Query OK, 12 rows affected (0.001 sec)
Records: 12  Duplicates: 0  Warnings: 0

Query OK, 12 rows affected (0.001 sec)
Records: 12  Duplicates: 0  Warnings: 0

Query OK, 12 rows affected (0.002 sec)
Records: 12  Duplicates: 0  Warnings: 0

Query OK, 12 rows affected (0.001 sec)
Records: 12  Duplicates: 0  Warnings: 0

Query OK, 12 rows affected (0.002 sec)
Records: 12  Duplicates: 0  Warnings: 0

Query OK, 12 rows affected (0.002 sec)
Records: 12  Duplicates: 0  Warnings: 0

MariaDB [teste]> select from TB_ESTOQUE
    -> ;
ERROR 1064 (42000): You have an error in your SQL syntax; check the manual that corresponds to your MariaDB server version for the right syntax to use near 'from TB_ESTOQUE' at line 1
MariaDB [teste]> select * from TB_ESTOQUE;
+-----------+------------+-----------------------+
| ID_FILIAL | ID_PRODUTO | QT_ESTOQUE_DISPONIVEL |
+-----------+------------+-----------------------+
|         1 |          1 |                     0 |
|         1 |          2 |                     0 |
|         1 |          5 |                     0 |
|         1 |          6 |                     0 |
|         1 |          9 |                     0 |
|         1 |         11 |                     0 |
|         1 |          3 |                     0 |
|         1 |          7 |                     0 |
|         1 |         10 |                     0 |
|         1 |          4 |                     0 |
|         1 |          8 |                     0 |
|         1 |         12 |                     0 |
|         2 |          1 |                     0 |
|         2 |          2 |                     0 |
|         2 |          5 |                     0 |
|         2 |          6 |                     0 |
|         2 |          9 |                     0 |
|         2 |         11 |                     0 |
|         2 |          3 |                     0 |
|         2 |          7 |                     0 |
|         2 |         10 |                     0 |
|         2 |          4 |                     0 |
|         2 |          8 |                     0 |
|         2 |         12 |                     0 |
|         3 |          1 |                     0 |
|         3 |          2 |                     0 |
|         3 |          5 |                     0 |
|         3 |          6 |                     0 |
|         3 |          9 |                     0 |
|         3 |         11 |                     0 |
|         3 |          3 |                     0 |
|         3 |          7 |                     0 |
|         3 |         10 |                     0 |
|         3 |          4 |                     0 |
|         3 |          8 |                     0 |
|         3 |         12 |                     0 |
|         4 |          1 |                     0 |
|         4 |          2 |                     0 |
|         4 |          5 |                     0 |
|         4 |          6 |                     0 |
|         4 |          9 |                     0 |
|         4 |         11 |                     0 |
|         4 |          3 |                     0 |
|         4 |          7 |                     0 |
|         4 |         10 |                     0 |
|         4 |          4 |                     0 |
|         4 |          8 |                     0 |
|         4 |         12 |                     0 |
|         5 |          1 |                     0 |
|         5 |          2 |                     0 |
|         5 |          5 |                     0 |
|         5 |          6 |                     0 |
|         5 |          9 |                     0 |
|         5 |         11 |                     0 |
|         5 |          3 |                     0 |
|         5 |          7 |                     0 |
|         5 |         10 |                     0 |
|         5 |          4 |                     0 |
|         5 |          8 |                     0 |
|         5 |         12 |                     0 |
|         6 |          1 |                     0 |
|         6 |          2 |                     0 |
|         6 |          5 |                     0 |
|         6 |          6 |                     0 |
|         6 |          9 |                     0 |
|         6 |         11 |                     0 |
|         6 |          3 |                     0 |
|         6 |          7 |                     0 |
|         6 |         10 |                     0 |
|         6 |          4 |                     0 |
|         6 |          8 |                     0 |
|         6 |         12 |                     0 |
|         7 |          1 |                     0 |
|         7 |          2 |                     0 |
|         7 |          5 |                     0 |
|         7 |          6 |                     0 |
|         7 |          9 |                     0 |
|         7 |         11 |                     0 |
|         7 |          3 |                     0 |
|         7 |          7 |                     0 |
|         7 |         10 |                     0 |
|         7 |          4 |                     0 |
|         7 |          8 |                     0 |
|         7 |         12 |                     0 |
|         8 |          1 |                     0 |
|         8 |          2 |                     0 |
|         8 |          5 |                     0 |
|         8 |          6 |                     0 |
|         8 |          9 |                     0 |
|         8 |         11 |                     0 |
|         8 |          3 |                     0 |
|         8 |          7 |                     0 |
|         8 |         10 |                     0 |
|         8 |          4 |                     0 |
|         8 |          8 |                     0 |
|         8 |         12 |                     0 |
|         9 |          1 |                     0 |
|         9 |          2 |                     0 |
|         9 |          5 |                     0 |
|         9 |          6 |                     0 |
|         9 |          9 |                     0 |
|         9 |         11 |                     0 |
|         9 |          3 |                     0 |
|         9 |          7 |                     0 |
|         9 |         10 |                     0 |
|         9 |          4 |                     0 |
|         9 |          8 |                     0 |
|         9 |         12 |                     0 |
|        10 |          1 |                     0 |
|        10 |          2 |                     0 |
|        10 |          5 |                     0 |
|        10 |          6 |                     0 |
|        10 |          9 |                     0 |
|        10 |         11 |                     0 |
|        10 |          3 |                     0 |
|        10 |          7 |                     0 |
|        10 |         10 |                     0 |
|        10 |          4 |                     0 |
|        10 |          8 |                     0 |
|        10 |         12 |                     0 |
+-----------+------------+-----------------------+
120 rows in set (0.001 sec)

MariaDB [teste]> insert to compra
    -> ;
ERROR 1064 (42000): You have an error in your SQL syntax; check the manual that corresponds to your MariaDB server version for the right syntax to use near 'to compra' at line 1
MariaDB [teste]> select * from TB_PEDIDO;
Empty set (0.009 sec)

MariaDB [teste]> create table tb_pedido_nota(id_pedido bigint(12) not null,
    ->                             id_nf bigint(12) not null);
Query OK, 0 rows affected (0.024 sec)

MariaDB [teste]>